# ours_sym skipped: not numerically symmetric
# didx_sym arm skipped (non-symmetric or Dup>128)
AMORTSPMSPM,/mnt/beegfs/ysu34/hamlib/dia_e2e/fermi_16_5.txt,ours_sym,1,0.815
AMORTSPMSPM,/mnt/beegfs/ysu34/hamlib/dia_e2e/fermi_16_5.txt,ours_sym,3,0.670
AMORTSPMSPM,/mnt/beegfs/ysu34/hamlib/dia_e2e/fermi_16_5.txt,ours_sym,10,1.205
AMORTSPMSPM,/mnt/beegfs/ysu34/hamlib/dia_e2e/fermi_16_5.txt,ours_sym,30,2.837
AMORTSPMSPM,/mnt/beegfs/ysu34/hamlib/dia_e2e/fermi_16_5.txt,ours_sym,100,8.567
AMORTCSV,/mnt/beegfs/ysu34/hamlib/dia_e2e/fermi_16_5.txt,didx_sym,1,1.307
AMORTCSV,/mnt/beegfs/ysu34/hamlib/dia_e2e/fermi_16_5.txt,didx_sym,10,1.329
AMORTCSV,/mnt/beegfs/ysu34/hamlib/dia_e2e/fermi_16_5.txt,didx_sym,100,1.732
AMORTCSV,/mnt/beegfs/ysu34/hamlib/dia_e2e/fermi_16_5.txt,didx_sym,1000,5.977
AMORTCSV,/mnt/beegfs/ysu34/hamlib/dia_e2e/fermi_16_5.txt,didx_sym,10000,47.527
AMORTSPMSPM,/mnt/beegfs/ysu34/hamlib/dia_e2e/heis_16_5.txt,ours_sym,1,0.817
AMORTSPMSPM,/mnt/beegfs/ysu34/hamlib/dia_e2e/heis_16_5.txt,ours_sym,3,0.734
AMORTSPMSPM,/mnt/beegfs/ysu34/hamlib/dia_e2e/heis_16_5.txt,ours_sym,10,1.332
AMORTSPMSPM,/mnt/beegfs/ysu34/hamlib/dia_e2e/heis_16_5.txt,ours_sym,30,3.183
AMORTSPMSPM,/mnt/beegfs/ysu34/hamlib/dia_e2e/heis_16_5.txt,ours_sym,100,9.654
AMORTCSV,/mnt/beegfs/ysu34/hamlib/dia_e2e/heis_16_5.txt,didx_sym,1,1.346
AMORTCSV,/mnt/beegfs/ysu34/hamlib/dia_e2e/heis_16_5.txt,didx_sym,10,1.366
AMORTCSV,/mnt/beegfs/ysu34/hamlib/dia_e2e/heis_16_5.txt,didx_sym,100,1.785
AMORTCSV,/mnt/beegfs/ysu34/hamlib/dia_e2e/heis_16_5.txt,didx_sym,1000,5.868
AMORTCSV,/mnt/beegfs/ysu34/hamlib/dia_e2e/heis_16_5.txt,didx_sym,10000,47.924
AMORTSPMSPM,/mnt/beegfs/ysu34/hamlib/dia_e2e/heis_18_5.txt,ours_sym,1,2.672
AMORTSPMSPM,/mnt/beegfs/ysu34/hamlib/dia_e2e/heis_18_5.txt,ours_sym,3,3.098
AMORTSPMSPM,/mnt/beegfs/ysu34/hamlib/dia_e2e/heis_18_5.txt,ours_sym,10,6.270
AMORTSPMSPM,/mnt/beegfs/ysu34/hamlib/dia_e2e/heis_18_5.txt,ours_sym,30,15.442
AMORTSPMSPM,/mnt/beegfs/ysu34/hamlib/dia_e2e/heis_18_5.txt,ours_sym,100,47.521
AMORTCSV,/mnt/beegfs/ysu34/hamlib/dia_e2e/heis_18_5.txt,didx_sym,1,5.319
AMORTCSV,/mnt/beegfs/ysu34/hamlib/dia_e2e/heis_18_5.txt,didx_sym,10,5.225
AMORTCSV,/mnt/beegfs/ysu34/hamlib/dia_e2e/heis_18_5.txt,didx_sym,100,5.955
AMORTCSV,/mnt/beegfs/ysu34/hamlib/dia_e2e/heis_18_5.txt,didx_sym,1000,13.553
AMORTCSV,/mnt/beegfs/ysu34/hamlib/dia_e2e/heis_18_5.txt,didx_sym,10000,89.681
AMORTSPMSPM,/mnt/beegfs/ysu34/hamlib/dia_e2e/heis_20_5.txt,ours_sym,1,11.659
AMORTSPMSPM,/mnt/beegfs/ysu34/hamlib/dia_e2e/heis_20_5.txt,ours_sym,3,15.639
AMORTSPMSPM,/mnt/beegfs/ysu34/hamlib/dia_e2e/heis_20_5.txt,ours_sym,10,32.931
AMORTSPMSPM,/mnt/beegfs/ysu34/hamlib/dia_e2e/heis_20_5.txt,ours_sym,30,82.895
AMORTSPMSPM,/mnt/beegfs/ysu34/hamlib/dia_e2e/heis_20_5.txt,ours_sym,100,261.979
AMORTCSV,/mnt/beegfs/ysu34/hamlib/dia_e2e/heis_20_5.txt,didx_sym,1,23.631
AMORTCSV,/mnt/beegfs/ysu34/hamlib/dia_e2e/heis_20_5.txt,didx_sym,10,26.471
AMORTCSV,/mnt/beegfs/ysu34/hamlib/dia_e2e/heis_20_5.txt,didx_sym,100,26.217
AMORTCSV,/mnt/beegfs/ysu34/hamlib/dia_e2e/heis_20_5.txt,didx_sym,1000,54.545
AMORTCSV,/mnt/beegfs/ysu34/hamlib/dia_e2e/heis_20_5.txt,didx_sym,10000,351.806
AMORTSPMSPM,/mnt/beegfs/ysu34/hamlib/dia_e2e/heis_20_6.txt,ours_sym,1,11.624
AMORTSPMSPM,/mnt/beegfs/ysu34/hamlib/dia_e2e/heis_20_6.txt,ours_sym,3,15.682
AMORTSPMSPM,/mnt/beegfs/ysu34/hamlib/dia_e2e/heis_20_6.txt,ours_sym,10,32.920
AMORTSPMSPM,/mnt/beegfs/ysu34/hamlib/dia_e2e/heis_20_6.txt,ours_sym,30,82.879
AMORTSPMSPM,/mnt/beegfs/ysu34/hamlib/dia_e2e/heis_20_6.txt,ours_sym,100,262.426
AMORTCSV,/mnt/beegfs/ysu34/hamlib/dia_e2e/heis_20_6.txt,didx_sym,1,23.185
AMORTCSV,/mnt/beegfs/ysu34/hamlib/dia_e2e/heis_20_6.txt,didx_sym,10,23.371
AMORTCSV,/mnt/beegfs/ysu34/hamlib/dia_e2e/heis_20_6.txt,didx_sym,100,25.544
AMORTCSV,/mnt/beegfs/ysu34/hamlib/dia_e2e/heis_20_6.txt,didx_sym,1000,53.725
AMORTCSV,/mnt/beegfs/ysu34/hamlib/dia_e2e/heis_20_6.txt,didx_sym,10000,351.206
AMORTSPMSPM,/mnt/beegfs/ysu34/hamlib/dia_e2e/maxcut_16_5.txt,ours_sym,1,0.419
AMORTSPMSPM,/mnt/beegfs/ysu34/hamlib/dia_e2e/maxcut_16_5.txt,ours_sym,3,0.145
AMORTSPMSPM,/mnt/beegfs/ysu34/hamlib/dia_e2e/maxcut_16_5.txt,ours_sym,10,0.174
AMORTSPMSPM,/mnt/beegfs/ysu34/hamlib/dia_e2e/maxcut_16_5.txt,ours_sym,30,0.297
AMORTSPMSPM,/mnt/beegfs/ysu34/hamlib/dia_e2e/maxcut_16_5.txt,ours_sym,100,0.736
AMORTCSV,/mnt/beegfs/ysu34/hamlib/dia_e2e/maxcut_16_5.txt,didx_sym,1,0.183
AMORTCSV,/mnt/beegfs/ysu34/hamlib/dia_e2e/maxcut_16_5.txt,didx_sym,10,0.153
AMORTCSV,/mnt/beegfs/ysu34/hamlib/dia_e2e/maxcut_16_5.txt,didx_sym,100,0.414
AMORTCSV,/mnt/beegfs/ysu34/hamlib/dia_e2e/maxcut_16_5.txt,didx_sym,1000,3.038
AMORTCSV,/mnt/beegfs/ysu34/hamlib/dia_e2e/maxcut_16_5.txt,didx_sym,10000,29.264
AMORTSPMSPM,/mnt/beegfs/ysu34/hamlib/dia_e2e/maxcut_18_5.txt,ours_sym,1,0.767
AMORTSPMSPM,/mnt/beegfs/ysu34/hamlib/dia_e2e/maxcut_18_5.txt,ours_sym,3,0.302
AMORTSPMSPM,/mnt/beegfs/ysu34/hamlib/dia_e2e/maxcut_18_5.txt,ours_sym,10,0.329
AMORTSPMSPM,/mnt/beegfs/ysu34/hamlib/dia_e2e/maxcut_18_5.txt,ours_sym,30,0.458
AMORTSPMSPM,/mnt/beegfs/ysu34/hamlib/dia_e2e/maxcut_18_5.txt,ours_sym,100,0.912
AMORTCSV,/mnt/beegfs/ysu34/hamlib/dia_e2e/maxcut_18_5.txt,didx_sym,1,0.519
AMORTCSV,/mnt/beegfs/ysu34/hamlib/dia_e2e/maxcut_18_5.txt,didx_sym,10,0.592
AMORTCSV,/mnt/beegfs/ysu34/hamlib/dia_e2e/maxcut_18_5.txt,didx_sym,100,0.826
AMORTCSV,/mnt/beegfs/ysu34/hamlib/dia_e2e/maxcut_18_5.txt,didx_sym,1000,3.967
AMORTCSV,/mnt/beegfs/ysu34/hamlib/dia_e2e/maxcut_18_5.txt,didx_sym,10000,35.362
AMORTSPMSPM,/mnt/beegfs/ysu34/hamlib/dia_e2e/maxcut_20_5.txt,ours_sym,1,1.887
AMORTSPMSPM,/mnt/beegfs/ysu34/hamlib/dia_e2e/maxcut_20_5.txt,ours_sym,3,0.830
AMORTSPMSPM,/mnt/beegfs/ysu34/hamlib/dia_e2e/maxcut_20_5.txt,ours_sym,10,0.881
AMORTSPMSPM,/mnt/beegfs/ysu34/hamlib/dia_e2e/maxcut_20_5.txt,ours_sym,30,1.078
AMORTSPMSPM,/mnt/beegfs/ysu34/hamlib/dia_e2e/maxcut_20_5.txt,ours_sym,100,1.781
AMORTCSV,/mnt/beegfs/ysu34/hamlib/dia_e2e/maxcut_20_5.txt,didx_sym,1,1.635
AMORTCSV,/mnt/beegfs/ysu34/hamlib/dia_e2e/maxcut_20_5.txt,didx_sym,10,1.563
AMORTCSV,/mnt/beegfs/ysu34/hamlib/dia_e2e/maxcut_20_5.txt,didx_sym,100,2.129
AMORTCSV,/mnt/beegfs/ysu34/hamlib/dia_e2e/maxcut_20_5.txt,didx_sym,1000,8.047
AMORTCSV,/mnt/beegfs/ysu34/hamlib/dia_e2e/maxcut_20_5.txt,didx_sym,10000,67.236
# ours_sym skipped: not numerically symmetric
# didx_sym arm skipped (non-symmetric or Dup>128)
# ours_sym skipped: not numerically symmetric
# didx_sym arm skipped (non-symmetric or Dup>128)
AMORTSPMSPM,/mnt/beegfs/ysu34/hamlib/dia_e2e/O2_20_5.txt,ours_flat,1,OOM
# ours_sym skipped: not numerically symmetric
cuSPARSE amort_spmspm_bench.cu:136 11
# didx_sym arm skipped (non-symmetric or Dup>128)
AMORTSPMSPM,/mnt/beegfs/ysu34/hamlib/dia_e2e/O2_20_8.txt,ours_flat,1,OOM
# ours_sym skipped: not numerically symmetric
cuSPARSE amort_spmspm_bench.cu:136 11
# didx_sym arm skipped (non-symmetric or Dup>128)
AMORTSPMSPM,/mnt/beegfs/ysu34/hamlib/dia_e2e/qmaxcut_16_4.txt,ours_flat,1,0.877
AMORTSPMSPM,/mnt/beegfs/ysu34/hamlib/dia_e2e/qmaxcut_16_4.txt,ours_flat,3,0.776
AMORTSPMSPM,/mnt/beegfs/ysu34/hamlib/dia_e2e/qmaxcut_16_4.txt,ours_flat,10,1.224
AMORTSPMSPM,/mnt/beegfs/ysu34/hamlib/dia_e2e/qmaxcut_16_4.txt,ours_flat,30,2.699
AMORTSPMSPM,/mnt/beegfs/ysu34/hamlib/dia_e2e/qmaxcut_16_4.txt,ours_flat,100,7.887
AMORTSPMSPM,/mnt/beegfs/ysu34/hamlib/dia_e2e/qmaxcut_16_4.txt,ours_sym,1,0.431
AMORTSPMSPM,/mnt/beegfs/ysu34/hamlib/dia_e2e/qmaxcut_16_4.txt,ours_sym,3,0.465
AMORTSPMSPM,/mnt/beegfs/ysu34/hamlib/dia_e2e/qmaxcut_16_4.txt,ours_sym,10,0.808
AMORTSPMSPM,/mnt/beegfs/ysu34/hamlib/dia_e2e/qmaxcut_16_4.txt,ours_sym,30,1.789
AMORTSPMSPM,/mnt/beegfs/ysu34/hamlib/dia_e2e/qmaxcut_16_4.txt,ours_sym,100,5.244
AMORTSPMSPM,/mnt/beegfs/ysu34/hamlib/dia_e2e/qmaxcut_16_4.txt,cusparse,1,16.326
AMORTSPMSPM,/mnt/beegfs/ysu34/hamlib/dia_e2e/qmaxcut_16_4.txt,cusparse,3,2.277
AMORTSPMSPM,/mnt/beegfs/ysu34/hamlib/dia_e2e/qmaxcut_16_4.txt,cusparse,10,7.328
AMORTSPMSPM,/mnt/beegfs/ysu34/hamlib/dia_e2e/qmaxcut_16_4.txt,cusparse,30,21.844
AMORTSPMSPM,/mnt/beegfs/ysu34/hamlib/dia_e2e/qmaxcut_16_4.txt,cusparse,100,72.721
AMORTCSV,/mnt/beegfs/ysu34/hamlib/dia_e2e/qmaxcut_16_4.txt,didx_sym,1,0.892
AMORTCSV,/mnt/beegfs/ysu34/hamlib/dia_e2e/qmaxcut_16_4.txt,didx_sym,10,0.953
AMORTCSV,/mnt/beegfs/ysu34/hamlib/dia_e2e/qmaxcut_16_4.txt,didx_sym,100,1.416
AMORTCSV,/mnt/beegfs/ysu34/hamlib/dia_e2e/qmaxcut_16_4.txt,didx_sym,1000,5.705
AMORTCSV,/mnt/beegfs/ysu34/hamlib/dia_e2e/qmaxcut_16_4.txt,didx_sym,10000,49.128
AMORTSPMSPM,/mnt/beegfs/ysu34/hamlib/dia_e2e/qmaxcut_18_4.txt,ours_flat,1,2.460
AMORTSPMSPM,/mnt/beegfs/ysu34/hamlib/dia_e2e/qmaxcut_18_4.txt,ours_flat,3,2.716
AMORTSPMSPM,/mnt/beegfs/ysu34/hamlib/dia_e2e/qmaxcut_18_4.txt,ours_flat,10,5.065
AMORTSPMSPM,/mnt/beegfs/ysu34/hamlib/dia_e2e/qmaxcut_18_4.txt,ours_flat,30,12.139
AMORTSPMSPM,/mnt/beegfs/ysu34/hamlib/dia_e2e/qmaxcut_18_4.txt,ours_flat,100,37.183
AMORTSPMSPM,/mnt/beegfs/ysu34/hamlib/dia_e2e/qmaxcut_18_4.txt,ours_sym,1,1.328
AMORTSPMSPM,/mnt/beegfs/ysu34/hamlib/dia_e2e/qmaxcut_18_4.txt,ours_sym,3,1.613
AMORTSPMSPM,/mnt/beegfs/ysu34/hamlib/dia_e2e/qmaxcut_18_4.txt,ours_sym,10,3.198
AMORTSPMSPM,/mnt/beegfs/ysu34/hamlib/dia_e2e/qmaxcut_18_4.txt,ours_sym,30,7.759
AMORTSPMSPM,/mnt/beegfs/ysu34/hamlib/dia_e2e/qmaxcut_18_4.txt,ours_sym,100,23.722
AMORTSPMSPM,/mnt/beegfs/ysu34/hamlib/dia_e2e/qmaxcut_18_4.txt,cusparse,1,16.657
AMORTSPMSPM,/mnt/beegfs/ysu34/hamlib/dia_e2e/qmaxcut_18_4.txt,cusparse,3,5.714
AMORTSPMSPM,/mnt/beegfs/ysu34/hamlib/dia_e2e/qmaxcut_18_4.txt,cusparse,10,18.923
AMORTSPMSPM,/mnt/beegfs/ysu34/hamlib/dia_e2e/qmaxcut_18_4.txt,cusparse,30,56.565
AMORTSPMSPM,/mnt/beegfs/ysu34/hamlib/dia_e2e/qmaxcut_18_4.txt,cusparse,100,189.049
AMORTCSV,/mnt/beegfs/ysu34/hamlib/dia_e2e/qmaxcut_18_4.txt,didx_sym,1,3.747
AMORTCSV,/mnt/beegfs/ysu34/hamlib/dia_e2e/qmaxcut_18_4.txt,didx_sym,10,3.588
AMORTCSV,/mnt/beegfs/ysu34/hamlib/dia_e2e/qmaxcut_18_4.txt,didx_sym,100,4.240
AMORTCSV,/mnt/beegfs/ysu34/hamlib/dia_e2e/qmaxcut_18_4.txt,didx_sym,1000,12.190
AMORTCSV,/mnt/beegfs/ysu34/hamlib/dia_e2e/qmaxcut_18_4.txt,didx_sym,10000,90.435
AMORTSPMSPM,/mnt/beegfs/ysu34/hamlib/dia_e2e/qmaxcut_20_4.txt,ours_flat,1,9.112
AMORTSPMSPM,/mnt/beegfs/ysu34/hamlib/dia_e2e/qmaxcut_20_4.txt,ours_flat,3,12.574
AMORTSPMSPM,/mnt/beegfs/ysu34/hamlib/dia_e2e/qmaxcut_20_4.txt,ours_flat,10,25.590
AMORTSPMSPM,/mnt/beegfs/ysu34/hamlib/dia_e2e/qmaxcut_20_4.txt,ours_flat,30,62.983
AMORTSPMSPM,/mnt/beegfs/ysu34/hamlib/dia_e2e/qmaxcut_20_4.txt,ours_flat,100,197.081
AMORTSPMSPM,/mnt/beegfs/ysu34/hamlib/dia_e2e/qmaxcut_20_4.txt,ours_sym,1,6.165
AMORTSPMSPM,/mnt/beegfs/ysu34/hamlib/dia_e2e/qmaxcut_20_4.txt,ours_sym,3,8.203
AMORTSPMSPM,/mnt/beegfs/ysu34/hamlib/dia_e2e/qmaxcut_20_4.txt,ours_sym,10,16.325
AMORTSPMSPM,/mnt/beegfs/ysu34/hamlib/dia_e2e/qmaxcut_20_4.txt,ours_sym,30,39.561
AMORTSPMSPM,/mnt/beegfs/ysu34/hamlib/dia_e2e/qmaxcut_20_4.txt,ours_sym,100,121.436
AMORTSPMSPM,/mnt/beegfs/ysu34/hamlib/dia_e2e/qmaxcut_20_4.txt,cusparse,1,21.714
AMORTSPMSPM,/mnt/beegfs/ysu34/hamlib/dia_e2e/qmaxcut_20_4.txt,cusparse,3,21.996
AMORTSPMSPM,/mnt/beegfs/ysu34/hamlib/dia_e2e/qmaxcut_20_4.txt,cusparse,10,73.665
AMORTSPMSPM,/mnt/beegfs/ysu34/hamlib/dia_e2e/qmaxcut_20_4.txt,cusparse,30,221.179
AMORTSPMSPM,/mnt/beegfs/ysu34/hamlib/dia_e2e/qmaxcut_20_4.txt,cusparse,100,876.695
AMORTCSV,/mnt/beegfs/ysu34/hamlib/dia_e2e/qmaxcut_20_4.txt,didx_sym,1,16.593
AMORTCSV,/mnt/beegfs/ysu34/hamlib/dia_e2e/qmaxcut_20_4.txt,didx_sym,10,16.326
AMORTCSV,/mnt/beegfs/ysu34/hamlib/dia_e2e/qmaxcut_20_4.txt,didx_sym,100,18.110
AMORTCSV,/mnt/beegfs/ysu34/hamlib/dia_e2e/qmaxcut_20_4.txt,didx_sym,1000,45.665
AMORTCSV,/mnt/beegfs/ysu34/hamlib/dia_e2e/qmaxcut_20_4.txt,didx_sym,10000,334.590
AMORTSPMSPM,/mnt/beegfs/ysu34/hamlib/dia_e2e/tfim_16_4.txt,ours_flat,1,1.174
AMORTSPMSPM,/mnt/beegfs/ysu34/hamlib/dia_e2e/tfim_16_4.txt,ours_flat,3,1.216
AMORTSPMSPM,/mnt/beegfs/ysu34/hamlib/dia_e2e/tfim_16_4.txt,ours_flat,10,2.222
AMORTSPMSPM,/mnt/beegfs/ysu34/hamlib/dia_e2e/tfim_16_4.txt,ours_flat,30,5.373
AMORTSPMSPM,/mnt/beegfs/ysu34/hamlib/dia_e2e/tfim_16_4.txt,ours_flat,100,16.413
AMORTSPMSPM,/mnt/beegfs/ysu34/hamlib/dia_e2e/tfim_16_4.txt,ours_sym,1,0.545
AMORTSPMSPM,/mnt/beegfs/ysu34/hamlib/dia_e2e/tfim_16_4.txt,ours_sym,3,0.722
AMORTSPMSPM,/mnt/beegfs/ysu34/hamlib/dia_e2e/tfim_16_4.txt,ours_sym,10,1.407
AMORTSPMSPM,/mnt/beegfs/ysu34/hamlib/dia_e2e/tfim_16_4.txt,ours_sym,30,3.384
AMORTSPMSPM,/mnt/beegfs/ysu34/hamlib/dia_e2e/tfim_16_4.txt,ours_sym,100,10.325
AMORTSPMSPM,/mnt/beegfs/ysu34/hamlib/dia_e2e/tfim_16_4.txt,cusparse,1,19.108
AMORTSPMSPM,/mnt/beegfs/ysu34/hamlib/dia_e2e/tfim_16_4.txt,cusparse,3,9.823
AMORTSPMSPM,/mnt/beegfs/ysu34/hamlib/dia_e2e/tfim_16_4.txt,cusparse,10,32.513
AMORTSPMSPM,/mnt/beegfs/ysu34/hamlib/dia_e2e/tfim_16_4.txt,cusparse,30,97.497
AMORTSPMSPM,/mnt/beegfs/ysu34/hamlib/dia_e2e/tfim_16_4.txt,cusparse,100,324.712
AMORTCSV,/mnt/beegfs/ysu34/hamlib/dia_e2e/tfim_16_4.txt,didx_sym,1,1.581
AMORTCSV,/mnt/beegfs/ysu34/hamlib/dia_e2e/tfim_16_4.txt,didx_sym,10,1.578
AMORTCSV,/mnt/beegfs/ysu34/hamlib/dia_e2e/tfim_16_4.txt,didx_sym,100,1.944
AMORTCSV,/mnt/beegfs/ysu34/hamlib/dia_e2e/tfim_16_4.txt,didx_sym,1000,6.173
AMORTCSV,/mnt/beegfs/ysu34/hamlib/dia_e2e/tfim_16_4.txt,didx_sym,10000,49.090
AMORTSPMSPM,/mnt/beegfs/ysu34/hamlib/dia_e2e/tfim_16_5.txt,ours_flat,1,1.191
AMORTSPMSPM,/mnt/beegfs/ysu34/hamlib/dia_e2e/tfim_16_5.txt,ours_flat,3,1.226
AMORTSPMSPM,/mnt/beegfs/ysu34/hamlib/dia_e2e/tfim_16_5.txt,ours_flat,10,2.230
AMORTSPMSPM,/mnt/beegfs/ysu34/hamlib/dia_e2e/tfim_16_5.txt,ours_flat,30,5.386
AMORTSPMSPM,/mnt/beegfs/ysu34/hamlib/dia_e2e/tfim_16_5.txt,ours_flat,100,16.426
AMORTSPMSPM,/mnt/beegfs/ysu34/hamlib/dia_e2e/tfim_16_5.txt,ours_sym,1,0.557
AMORTSPMSPM,/mnt/beegfs/ysu34/hamlib/dia_e2e/tfim_16_5.txt,ours_sym,3,0.746
AMORTSPMSPM,/mnt/beegfs/ysu34/hamlib/dia_e2e/tfim_16_5.txt,ours_sym,10,1.417
AMORTSPMSPM,/mnt/beegfs/ysu34/hamlib/dia_e2e/tfim_16_5.txt,ours_sym,30,3.407
AMORTSPMSPM,/mnt/beegfs/ysu34/hamlib/dia_e2e/tfim_16_5.txt,ours_sym,100,10.333
AMORTSPMSPM,/mnt/beegfs/ysu34/hamlib/dia_e2e/tfim_16_5.txt,cusparse,1,18.038
AMORTSPMSPM,/mnt/beegfs/ysu34/hamlib/dia_e2e/tfim_16_5.txt,cusparse,3,9.769
AMORTSPMSPM,/mnt/beegfs/ysu34/hamlib/dia_e2e/tfim_16_5.txt,cusparse,10,32.300
AMORTSPMSPM,/mnt/beegfs/ysu34/hamlib/dia_e2e/tfim_16_5.txt,cusparse,30,96.887
AMORTSPMSPM,/mnt/beegfs/ysu34/hamlib/dia_e2e/tfim_16_5.txt,cusparse,100,322.675
AMORTCSV,/mnt/beegfs/ysu34/hamlib/dia_e2e/tfim_16_5.txt,didx_sym,1,1.542
AMORTCSV,/mnt/beegfs/ysu34/hamlib/dia_e2e/tfim_16_5.txt,didx_sym,10,1.504
AMORTCSV,/mnt/beegfs/ysu34/hamlib/dia_e2e/tfim_16_5.txt,didx_sym,100,1.949
AMORTCSV,/mnt/beegfs/ysu34/hamlib/dia_e2e/tfim_16_5.txt,didx_sym,1000,6.213
AMORTCSV,/mnt/beegfs/ysu34/hamlib/dia_e2e/tfim_16_5.txt,didx_sym,10000,49.003
AMORTSPMSPM,/mnt/beegfs/ysu34/hamlib/dia_e2e/tfim_18_4.txt,ours_flat,1,3.454
AMORTSPMSPM,/mnt/beegfs/ysu34/hamlib/dia_e2e/tfim_18_4.txt,ours_flat,3,5.344
AMORTSPMSPM,/mnt/beegfs/ysu34/hamlib/dia_e2e/tfim_18_4.txt,ours_flat,10,11.502
AMORTSPMSPM,/mnt/beegfs/ysu34/hamlib/dia_e2e/tfim_18_4.txt,ours_flat,30,29.248
AMORTSPMSPM,/mnt/beegfs/ysu34/hamlib/dia_e2e/tfim_18_4.txt,ours_flat,100,91.287
AMORTSPMSPM,/mnt/beegfs/ysu34/hamlib/dia_e2e/tfim_18_4.txt,ours_sym,1,2.296
AMORTSPMSPM,/mnt/beegfs/ysu34/hamlib/dia_e2e/tfim_18_4.txt,ours_sym,3,3.264
AMORTSPMSPM,/mnt/beegfs/ysu34/hamlib/dia_e2e/tfim_18_4.txt,ours_sym,10,6.682
AMORTSPMSPM,/mnt/beegfs/ysu34/hamlib/dia_e2e/tfim_18_4.txt,ours_sym,30,16.503
AMORTSPMSPM,/mnt/beegfs/ysu34/hamlib/dia_e2e/tfim_18_4.txt,ours_sym,100,50.851
AMORTSPMSPM,/mnt/beegfs/ysu34/hamlib/dia_e2e/tfim_18_4.txt,cusparse,1,28.414
AMORTSPMSPM,/mnt/beegfs/ysu34/hamlib/dia_e2e/tfim_18_4.txt,cusparse,3,44.032
AMORTSPMSPM,/mnt/beegfs/ysu34/hamlib/dia_e2e/tfim_18_4.txt,cusparse,10,146.635
AMORTSPMSPM,/mnt/beegfs/ysu34/hamlib/dia_e2e/tfim_18_4.txt,cusparse,30,437.396
AMORTSPMSPM,/mnt/beegfs/ysu34/hamlib/dia_e2e/tfim_18_4.txt,cusparse,100,1457.151
AMORTCSV,/mnt/beegfs/ysu34/hamlib/dia_e2e/tfim_18_4.txt,didx_sym,1,6.712
AMORTCSV,/mnt/beegfs/ysu34/hamlib/dia_e2e/tfim_18_4.txt,didx_sym,10,6.792
AMORTCSV,/mnt/beegfs/ysu34/hamlib/dia_e2e/tfim_18_4.txt,didx_sym,100,7.332
AMORTCSV,/mnt/beegfs/ysu34/hamlib/dia_e2e/tfim_18_4.txt,didx_sym,1000,16.118
AMORTCSV,/mnt/beegfs/ysu34/hamlib/dia_e2e/tfim_18_4.txt,didx_sym,10000,103.772
AMORTSPMSPM,/mnt/beegfs/ysu34/hamlib/dia_e2e/tfim_18_5.txt,ours_flat,1,3.509
AMORTSPMSPM,/mnt/beegfs/ysu34/hamlib/dia_e2e/tfim_18_5.txt,ours_flat,3,5.376
AMORTSPMSPM,/mnt/beegfs/ysu34/hamlib/dia_e2e/tfim_18_5.txt,ours_flat,10,11.461
AMORTSPMSPM,/mnt/beegfs/ysu34/hamlib/dia_e2e/tfim_18_5.txt,ours_flat,30,29.110
AMORTSPMSPM,/mnt/beegfs/ysu34/hamlib/dia_e2e/tfim_18_5.txt,ours_flat,100,91.177
AMORTSPMSPM,/mnt/beegfs/ysu34/hamlib/dia_e2e/tfim_18_5.txt,ours_sym,1,2.276
AMORTSPMSPM,/mnt/beegfs/ysu34/hamlib/dia_e2e/tfim_18_5.txt,ours_sym,3,3.229
AMORTSPMSPM,/mnt/beegfs/ysu34/hamlib/dia_e2e/tfim_18_5.txt,ours_sym,10,6.661
AMORTSPMSPM,/mnt/beegfs/ysu34/hamlib/dia_e2e/tfim_18_5.txt,ours_sym,30,16.479
AMORTSPMSPM,/mnt/beegfs/ysu34/hamlib/dia_e2e/tfim_18_5.txt,ours_sym,100,50.848
AMORTSPMSPM,/mnt/beegfs/ysu34/hamlib/dia_e2e/tfim_18_5.txt,cusparse,1,28.168
AMORTSPMSPM,/mnt/beegfs/ysu34/hamlib/dia_e2e/tfim_18_5.txt,cusparse,3,44.046
AMORTSPMSPM,/mnt/beegfs/ysu34/hamlib/dia_e2e/tfim_18_5.txt,cusparse,10,146.808
AMORTSPMSPM,/mnt/beegfs/ysu34/hamlib/dia_e2e/tfim_18_5.txt,cusparse,30,437.593
AMORTSPMSPM,/mnt/beegfs/ysu34/hamlib/dia_e2e/tfim_18_5.txt,cusparse,100,1457.415
AMORTCSV,/mnt/beegfs/ysu34/hamlib/dia_e2e/tfim_18_5.txt,didx_sym,1,6.970
AMORTCSV,/mnt/beegfs/ysu34/hamlib/dia_e2e/tfim_18_5.txt,didx_sym,10,6.452
AMORTCSV,/mnt/beegfs/ysu34/hamlib/dia_e2e/tfim_18_5.txt,didx_sym,100,7.482
AMORTCSV,/mnt/beegfs/ysu34/hamlib/dia_e2e/tfim_18_5.txt,didx_sym,1000,16.391
AMORTCSV,/mnt/beegfs/ysu34/hamlib/dia_e2e/tfim_18_5.txt,didx_sym,10000,104.444
AMORTSPMSPM,/mnt/beegfs/ysu34/hamlib/dia_e2e/tfim_20_5.txt,ours_flat,1,16.105
AMORTSPMSPM,/mnt/beegfs/ysu34/hamlib/dia_e2e/tfim_20_5.txt,ours_flat,3,26.473
AMORTSPMSPM,/mnt/beegfs/ysu34/hamlib/dia_e2e/tfim_20_5.txt,ours_flat,10,58.280
AMORTSPMSPM,/mnt/beegfs/ysu34/hamlib/dia_e2e/tfim_20_5.txt,ours_flat,30,151.705
AMORTSPMSPM,/mnt/beegfs/ysu34/hamlib/dia_e2e/tfim_20_5.txt,ours_flat,100,481.234
AMORTSPMSPM,/mnt/beegfs/ysu34/hamlib/dia_e2e/tfim_20_5.txt,ours_sym,1,10.589
AMORTSPMSPM,/mnt/beegfs/ysu34/hamlib/dia_e2e/tfim_20_5.txt,ours_sym,3,16.415
AMORTSPMSPM,/mnt/beegfs/ysu34/hamlib/dia_e2e/tfim_20_5.txt,ours_sym,10,34.854
AMORTSPMSPM,/mnt/beegfs/ysu34/hamlib/dia_e2e/tfim_20_5.txt,ours_sym,30,92.613
AMORTSPMSPM,/mnt/beegfs/ysu34/hamlib/dia_e2e/tfim_20_5.txt,ours_sym,100,303.393
AMORTSPMSPM,/mnt/beegfs/ysu34/hamlib/dia_e2e/tfim_20_5.txt,cusparse,1,83.007
AMORTSPMSPM,/mnt/beegfs/ysu34/hamlib/dia_e2e/tfim_20_5.txt,cusparse,3,212.865
AMORTSPMSPM,/mnt/beegfs/ysu34/hamlib/dia_e2e/tfim_20_5.txt,cusparse,10,705.044
AMORTSPMSPM,/mnt/beegfs/ysu34/hamlib/dia_e2e/tfim_20_5.txt,cusparse,30,2114.433
AMORTSPMSPM,/mnt/beegfs/ysu34/hamlib/dia_e2e/tfim_20_5.txt,cusparse,100,7048.457
AMORTCSV,/mnt/beegfs/ysu34/hamlib/dia_e2e/tfim_20_5.txt,didx_sym,1,30.642
AMORTCSV,/mnt/beegfs/ysu34/hamlib/dia_e2e/tfim_20_5.txt,didx_sym,10,32.358
AMORTCSV,/mnt/beegfs/ysu34/hamlib/dia_e2e/tfim_20_5.txt,didx_sym,100,35.010
AMORTCSV,/mnt/beegfs/ysu34/hamlib/dia_e2e/tfim_20_5.txt,didx_sym,1000,69.839
AMORTCSV,/mnt/beegfs/ysu34/hamlib/dia_e2e/tfim_20_5.txt,didx_sym,10000,469.438
AMORTSPMSPM,/mnt/beegfs/ysu34/hamlib/dia_e2e/tsp_18_4.txt,ours_flat,1,0.688
AMORTSPMSPM,/mnt/beegfs/ysu34/hamlib/dia_e2e/tsp_18_4.txt,ours_flat,3,0.552
AMORTSPMSPM,/mnt/beegfs/ysu34/hamlib/dia_e2e/tsp_18_4.txt,ours_flat,10,0.446
AMORTSPMSPM,/mnt/beegfs/ysu34/hamlib/dia_e2e/tsp_18_4.txt,ours_flat,30,0.535
AMORTSPMSPM,/mnt/beegfs/ysu34/hamlib/dia_e2e/tsp_18_4.txt,ours_flat,100,0.852
AMORTSPMSPM,/mnt/beegfs/ysu34/hamlib/dia_e2e/tsp_18_4.txt,ours_sym,1,0.482
AMORTSPMSPM,/mnt/beegfs/ysu34/hamlib/dia_e2e/tsp_18_4.txt,ours_sym,3,0.284
AMORTSPMSPM,/mnt/beegfs/ysu34/hamlib/dia_e2e/tsp_18_4.txt,ours_sym,10,0.326
AMORTSPMSPM,/mnt/beegfs/ysu34/hamlib/dia_e2e/tsp_18_4.txt,ours_sym,30,0.457
AMORTSPMSPM,/mnt/beegfs/ysu34/hamlib/dia_e2e/tsp_18_4.txt,ours_sym,100,0.923
AMORTSPMSPM,/mnt/beegfs/ysu34/hamlib/dia_e2e/tsp_18_4.txt,cusparse,1,15.942
AMORTSPMSPM,/mnt/beegfs/ysu34/hamlib/dia_e2e/tsp_18_4.txt,cusparse,3,1.406
AMORTSPMSPM,/mnt/beegfs/ysu34/hamlib/dia_e2e/tsp_18_4.txt,cusparse,10,4.522
AMORTSPMSPM,/mnt/beegfs/ysu34/hamlib/dia_e2e/tsp_18_4.txt,cusparse,30,13.506
AMORTSPMSPM,/mnt/beegfs/ysu34/hamlib/dia_e2e/tsp_18_4.txt,cusparse,100,44.789
AMORTCSV,/mnt/beegfs/ysu34/hamlib/dia_e2e/tsp_18_4.txt,didx_sym,1,0.514
AMORTCSV,/mnt/beegfs/ysu34/hamlib/dia_e2e/tsp_18_4.txt,didx_sym,10,0.586
AMORTCSV,/mnt/beegfs/ysu34/hamlib/dia_e2e/tsp_18_4.txt,didx_sym,100,0.828
AMORTCSV,/mnt/beegfs/ysu34/hamlib/dia_e2e/tsp_18_4.txt,didx_sym,1000,4.007
AMORTCSV,/mnt/beegfs/ysu34/hamlib/dia_e2e/tsp_18_4.txt,didx_sym,10000,35.663
AMORTSPMSPM,/mnt/beegfs/ysu34/hamlib/dia_suitesparse/ecology2.txt,ours_flat,1,2.460
AMORTSPMSPM,/mnt/beegfs/ysu34/hamlib/dia_suitesparse/ecology2.txt,ours_flat,3,2.372
AMORTSPMSPM,/mnt/beegfs/ysu34/hamlib/dia_suitesparse/ecology2.txt,ours_flat,10,3.168
AMORTSPMSPM,/mnt/beegfs/ysu34/hamlib/dia_suitesparse/ecology2.txt,ours_flat,30,5.547
AMORTSPMSPM,/mnt/beegfs/ysu34/hamlib/dia_suitesparse/ecology2.txt,ours_flat,100,14.139
AMORTSPMSPM,/mnt/beegfs/ysu34/hamlib/dia_suitesparse/ecology2.txt,ours_sym,1,2.366
AMORTSPMSPM,/mnt/beegfs/ysu34/hamlib/dia_suitesparse/ecology2.txt,ours_sym,3,1.656
AMORTSPMSPM,/mnt/beegfs/ysu34/hamlib/dia_suitesparse/ecology2.txt,ours_sym,10,2.219
AMORTSPMSPM,/mnt/beegfs/ysu34/hamlib/dia_suitesparse/ecology2.txt,ours_sym,30,3.862
AMORTSPMSPM,/mnt/beegfs/ysu34/hamlib/dia_suitesparse/ecology2.txt,ours_sym,100,9.591
AMORTSPMSPM,/mnt/beegfs/ysu34/hamlib/dia_suitesparse/ecology2.txt,cusparse,1,16.755
AMORTSPMSPM,/mnt/beegfs/ysu34/hamlib/dia_suitesparse/ecology2.txt,cusparse,3,5.141
AMORTSPMSPM,/mnt/beegfs/ysu34/hamlib/dia_suitesparse/ecology2.txt,cusparse,10,17.235
AMORTSPMSPM,/mnt/beegfs/ysu34/hamlib/dia_suitesparse/ecology2.txt,cusparse,30,51.283
AMORTSPMSPM,/mnt/beegfs/ysu34/hamlib/dia_suitesparse/ecology2.txt,cusparse,100,171.778
AMORTCSV,/mnt/beegfs/ysu34/hamlib/dia_suitesparse/ecology2.txt,didx_sym,1,6.083
AMORTCSV,/mnt/beegfs/ysu34/hamlib/dia_suitesparse/ecology2.txt,didx_sym,10,5.711
AMORTCSV,/mnt/beegfs/ysu34/hamlib/dia_suitesparse/ecology2.txt,didx_sym,100,6.759
AMORTCSV,/mnt/beegfs/ysu34/hamlib/dia_suitesparse/ecology2.txt,didx_sym,1000,17.543
AMORTCSV,/mnt/beegfs/ysu34/hamlib/dia_suitesparse/ecology2.txt,didx_sym,10000,122.926
AMORTSPMSPM,/mnt/beegfs/ysu34/hamlib/dia_suitesparse/atmosmodd.txt,ours_flat,1,3.456
AMORTSPMSPM,/mnt/beegfs/ysu34/hamlib/dia_suitesparse/atmosmodd.txt,ours_flat,3,3.306
AMORTSPMSPM,/mnt/beegfs/ysu34/hamlib/dia_suitesparse/atmosmodd.txt,ours_flat,10,4.361
AMORTSPMSPM,/mnt/beegfs/ysu34/hamlib/dia_suitesparse/atmosmodd.txt,ours_flat,30,8.075
AMORTSPMSPM,/mnt/beegfs/ysu34/hamlib/dia_suitesparse/atmosmodd.txt,ours_flat,100,21.167
# ours_sym skipped: not numerically symmetric
AMORTSPMSPM,/mnt/beegfs/ysu34/hamlib/dia_suitesparse/atmosmodd.txt,cusparse,1,18.100
AMORTSPMSPM,/mnt/beegfs/ysu34/hamlib/dia_suitesparse/atmosmodd.txt,cusparse,3,10.302
AMORTSPMSPM,/mnt/beegfs/ysu34/hamlib/dia_suitesparse/atmosmodd.txt,cusparse,10,34.219
AMORTSPMSPM,/mnt/beegfs/ysu34/hamlib/dia_suitesparse/atmosmodd.txt,cusparse,30,102.915
AMORTSPMSPM,/mnt/beegfs/ysu34/hamlib/dia_suitesparse/atmosmodd.txt,cusparse,100,344.353
# didx_sym arm skipped (non-symmetric or Dup>128)
AMORTSPMSPM,/mnt/beegfs/ysu34/hamlib/dia_suitesparse/Lin.txt,ours_flat,1,0.955
AMORTSPMSPM,/mnt/beegfs/ysu34/hamlib/dia_suitesparse/Lin.txt,ours_flat,3,0.819
AMORTSPMSPM,/mnt/beegfs/ysu34/hamlib/dia_suitesparse/Lin.txt,ours_flat,10,0.942
AMORTSPMSPM,/mnt/beegfs/ysu34/hamlib/dia_suitesparse/Lin.txt,ours_flat,30,1.655
AMORTSPMSPM,/mnt/beegfs/ysu34/hamlib/dia_suitesparse/Lin.txt,ours_flat,100,4.162
AMORTSPMSPM,/mnt/beegfs/ysu34/hamlib/dia_suitesparse/Lin.txt,ours_sym,1,0.678
AMORTSPMSPM,/mnt/beegfs/ysu34/hamlib/dia_suitesparse/Lin.txt,ours_sym,3,0.507
AMORTSPMSPM,/mnt/beegfs/ysu34/hamlib/dia_suitesparse/Lin.txt,ours_sym,10,0.690
AMORTSPMSPM,/mnt/beegfs/ysu34/hamlib/dia_suitesparse/Lin.txt,ours_sym,30,1.207
AMORTSPMSPM,/mnt/beegfs/ysu34/hamlib/dia_suitesparse/Lin.txt,ours_sym,100,3.034
AMORTSPMSPM,/mnt/beegfs/ysu34/hamlib/dia_suitesparse/Lin.txt,cusparse,1,16.535
AMORTSPMSPM,/mnt/beegfs/ysu34/hamlib/dia_suitesparse/Lin.txt,cusparse,3,3.191
AMORTSPMSPM,/mnt/beegfs/ysu34/hamlib/dia_suitesparse/Lin.txt,cusparse,10,10.511
AMORTSPMSPM,/mnt/beegfs/ysu34/hamlib/dia_suitesparse/Lin.txt,cusparse,30,31.430
AMORTSPMSPM,/mnt/beegfs/ysu34/hamlib/dia_suitesparse/Lin.txt,cusparse,100,104.529
AMORTCSV,/mnt/beegfs/ysu34/hamlib/dia_suitesparse/Lin.txt,didx_sym,1,1.787
AMORTCSV,/mnt/beegfs/ysu34/hamlib/dia_suitesparse/Lin.txt,didx_sym,10,1.826
AMORTCSV,/mnt/beegfs/ysu34/hamlib/dia_suitesparse/Lin.txt,didx_sym,100,2.313
AMORTCSV,/mnt/beegfs/ysu34/hamlib/dia_suitesparse/Lin.txt,didx_sym,1000,7.376
AMORTCSV,/mnt/beegfs/ysu34/hamlib/dia_suitesparse/Lin.txt,didx_sym,10000,58.036
== AMORT SET DONE: spmspm=328 spmv=471
