host=c29
NVIDIA H100 NVL, 9.0
== B2_10_4 ==
PREPCSV,/mnt/beegfs/ysu34/hamlib/dia_e2e/B2_10_4.txt,1024,71,spmv,didx,0.069,0.028,0.003789,26
PREPCSV,/mnt/beegfs/ysu34/hamlib/dia_e2e/B2_10_4.txt,1024,71,spmv,stream,0.001,0.025,0.007113,4
PREPCSV,/mnt/beegfs/ysu34/hamlib/dia_e2e/B2_10_4.txt,1024,71,spmv,gopt,0.127,0.039,0.020487,8
PREPCSV,/mnt/beegfs/ysu34/hamlib/dia_e2e/B2_10_4.txt,1024,71,spmv,csr_zskip,0.171,0.023,0.003802,51
PREPCSV,/mnt/beegfs/ysu34/hamlib/dia_e2e/B2_10_4.txt,1024,71,spmv,cusparse_csr,0.101,0.368,0.011428,41
PREPCSV,/mnt/beegfs/ysu34/hamlib/dia_e2e/B2_10_4.txt,1024,71,spmspm,ours_flat,0.542,0.078,0.021549,29
PREPCSV,/mnt/beegfs/ysu34/hamlib/dia_e2e/B2_10_4.txt,1024,71,spmspm,hm_atomic,0.307,0.095,0.044764,9
PREPCSV,/mnt/beegfs/ysu34/hamlib/dia_e2e/B2_10_4.txt,1024,71,spmspm,ours_sym,0.064,0.036,-1.000000,-1
PREPCSV,/mnt/beegfs/ysu34/hamlib/dia_e2e/B2_10_4.txt,1024,71,spmspm,ours_sym,0.064,0.036,0.047872,2
== B2_12_4 ==
PREPCSV,/mnt/beegfs/ysu34/hamlib/dia_e2e/B2_12_4.txt,4096,210,spmv,didx,0.634,0.046,0.005220,130
PREPCSV,/mnt/beegfs/ysu34/hamlib/dia_e2e/B2_12_4.txt,4096,210,spmv,stream,0.001,0.152,0.016909,9
PREPCSV,/mnt/beegfs/ysu34/hamlib/dia_e2e/B2_12_4.txt,4096,210,spmv,gopt,1.245,0.106,0.052105,26
PREPCSV,/mnt/beegfs/ysu34/hamlib/dia_e2e/B2_12_4.txt,4096,210,spmv,csr_zskip,1.230,0.043,0.005051,252
PREPCSV,/mnt/beegfs/ysu34/hamlib/dia_e2e/B2_12_4.txt,4096,210,spmv,cusparse_csr,1.147,0.536,0.014049,120
PREPCSV,/mnt/beegfs/ysu34/hamlib/dia_e2e/B2_12_4.txt,4096,210,spmspm,ours_flat,11.536,0.185,0.262107,45
PREPCSV,/mnt/beegfs/ysu34/hamlib/dia_e2e/B2_12_4.txt,4096,210,spmspm,hm_atomic,2.609,0.328,0.331958,9
PREPCSV,/mnt/beegfs/ysu34/hamlib/dia_e2e/B2_12_4.txt,4096,210,spmspm,ours_sym,0.620,0.164,-1.000000,-1
PREPCSV,/mnt/beegfs/ysu34/hamlib/dia_e2e/B2_12_4.txt,4096,210,spmspm,ours_sym,0.620,0.164,0.211174,4
== B2_14_4 ==
PREPCSV,/mnt/beegfs/ysu34/hamlib/dia_e2e/B2_14_4.txt,16384,389,spmv,didx,4.817,0.159,0.007971,624
PREPCSV,/mnt/beegfs/ysu34/hamlib/dia_e2e/B2_14_4.txt,16384,389,spmv,stream,0.001,0.542,0.030542,18
PREPCSV,/mnt/beegfs/ysu34/hamlib/dia_e2e/B2_14_4.txt,16384,389,spmv,gopt,6.066,0.429,0.075551,86
PREPCSV,/mnt/beegfs/ysu34/hamlib/dia_e2e/B2_14_4.txt,16384,389,spmv,csr_zskip,7.664,0.228,0.007341,1075
PREPCSV,/mnt/beegfs/ysu34/hamlib/dia_e2e/B2_14_4.txt,16384,389,spmv,cusparse_csr,8.968,1.876,0.034180,317
PREPCSV,/mnt/beegfs/ysu34/hamlib/dia_e2e/B2_14_4.txt,16384,389,spmspm,ours_flat,75.997,0.524,3.895352,20
PREPCSV,/mnt/beegfs/ysu34/hamlib/dia_e2e/B2_14_4.txt,16384,389,spmspm,hm_atomic,45.223,1.236,5.665332,8
PREPCSV,/mnt/beegfs/ysu34/hamlib/dia_e2e/B2_14_4.txt,16384,389,spmspm,ours_sym,3.223,0.444,-1.000000,-1
CUDA prep_driver.cu:293 an illegal memory access was encountered
== B2_8_4 ==
PREPCSV,/mnt/beegfs/ysu34/hamlib/dia_e2e/B2_8_4.txt,256,47,spmv,didx,0.020,0.025,0.003356,13
PREPCSV,/mnt/beegfs/ysu34/hamlib/dia_e2e/B2_8_4.txt,256,47,spmv,stream,0.001,0.016,0.005458,3
PREPCSV,/mnt/beegfs/ysu34/hamlib/dia_e2e/B2_8_4.txt,256,47,spmv,gopt,0.025,0.028,0.013498,4
PREPCSV,/mnt/beegfs/ysu34/hamlib/dia_e2e/B2_8_4.txt,256,47,spmv,csr_zskip,0.043,0.017,0.003121,19
PREPCSV,/mnt/beegfs/ysu34/hamlib/dia_e2e/B2_8_4.txt,256,47,spmv,cusparse_csr,0.027,0.384,0.010243,40
PREPCSV,/mnt/beegfs/ysu34/hamlib/dia_e2e/B2_8_4.txt,256,47,spmspm,ours_flat,0.209,0.036,0.011656,21
PREPCSV,/mnt/beegfs/ysu34/hamlib/dia_e2e/B2_8_4.txt,256,47,spmspm,hm_atomic,0.012,0.046,0.027357,2
PREPCSV,/mnt/beegfs/ysu34/hamlib/dia_e2e/B2_8_4.txt,256,47,spmspm,ours_sym,0.028,0.032,-1.000000,-1
PREPCSV,/mnt/beegfs/ysu34/hamlib/dia_e2e/B2_8_4.txt,256,47,spmspm,ours_sym,0.028,0.032,0.010723,6
== BeH_12_4 ==
PREPCSV,/mnt/beegfs/ysu34/hamlib/dia_e2e/BeH_12_4.txt,4096,299,spmv,didx,0.989,0.063,0.007786,135
PREPCSV,/mnt/beegfs/ysu34/hamlib/dia_e2e/BeH_12_4.txt,4096,299,spmv,stream,0.001,0.170,0.022976,7
PREPCSV,/mnt/beegfs/ysu34/hamlib/dia_e2e/BeH_12_4.txt,4096,299,spmv,gopt,1.785,0.160,0.076663,25
PREPCSV,/mnt/beegfs/ysu34/hamlib/dia_e2e/BeH_12_4.txt,4096,299,spmv,csr_zskip,1.987,0.069,0.007363,279
PREPCSV,/mnt/beegfs/ysu34/hamlib/dia_e2e/BeH_12_4.txt,4096,299,spmv,cusparse_csr,1.764,0.569,0.015077,155
PREPCSV,/mnt/beegfs/ysu34/hamlib/dia_e2e/BeH_12_4.txt,4096,299,spmspm,ours_flat,13.020,0.227,0.414488,32
PREPCSV,/mnt/beegfs/ysu34/hamlib/dia_e2e/BeH_12_4.txt,4096,299,spmspm,hm_atomic,2.677,0.370,0.550936,6
PREPCSV,/mnt/beegfs/ysu34/hamlib/dia_e2e/BeH_12_4.txt,4096,299,spmspm,ours_sym,0.991,0.188,-1.000000,-1
CUDA prep_driver.cu:293 an illegal memory access was encountered
== BeH_12_6 ==
PREPCSV,/mnt/beegfs/ysu34/hamlib/dia_e2e/BeH_12_6.txt,4096,299,spmv,didx,1.012,0.064,0.007782,138
PREPCSV,/mnt/beegfs/ysu34/hamlib/dia_e2e/BeH_12_6.txt,4096,299,spmv,stream,0.001,0.171,0.022963,7
PREPCSV,/mnt/beegfs/ysu34/hamlib/dia_e2e/BeH_12_6.txt,4096,299,spmv,gopt,1.663,0.160,0.076616,24
PREPCSV,/mnt/beegfs/ysu34/hamlib/dia_e2e/BeH_12_6.txt,4096,299,spmv,csr_zskip,1.986,0.068,0.007315,281
PREPCSV,/mnt/beegfs/ysu34/hamlib/dia_e2e/BeH_12_6.txt,4096,299,spmv,cusparse_csr,1.817,0.584,0.014920,161
PREPCSV,/mnt/beegfs/ysu34/hamlib/dia_e2e/BeH_12_6.txt,4096,299,spmspm,ours_flat,12.974,0.236,0.413867,32
PREPCSV,/mnt/beegfs/ysu34/hamlib/dia_e2e/BeH_12_6.txt,4096,299,spmspm,hm_atomic,2.917,0.377,0.548621,6
PREPCSV,/mnt/beegfs/ysu34/hamlib/dia_e2e/BeH_12_6.txt,4096,299,spmspm,ours_sym,0.991,0.187,-1.000000,-1
CUDA prep_driver.cu:293 an illegal memory access was encountered
== BeH_8_3 ==
PREPCSV,/mnt/beegfs/ysu34/hamlib/dia_e2e/BeH_8_3.txt,256,45,spmv,didx,0.018,0.026,0.003438,13
PREPCSV,/mnt/beegfs/ysu34/hamlib/dia_e2e/BeH_8_3.txt,256,45,spmv,stream,0.001,0.015,0.005183,3
PREPCSV,/mnt/beegfs/ysu34/hamlib/dia_e2e/BeH_8_3.txt,256,45,spmv,gopt,0.023,0.028,0.012876,4
PREPCSV,/mnt/beegfs/ysu34/hamlib/dia_e2e/BeH_8_3.txt,256,45,spmv,csr_zskip,0.042,0.017,0.003194,19
PREPCSV,/mnt/beegfs/ysu34/hamlib/dia_e2e/BeH_8_3.txt,256,45,spmv,cusparse_csr,0.026,0.361,0.010401,37
PREPCSV,/mnt/beegfs/ysu34/hamlib/dia_e2e/BeH_8_3.txt,256,45,spmspm,ours_flat,0.167,0.036,0.011005,18
PREPCSV,/mnt/beegfs/ysu34/hamlib/dia_e2e/BeH_8_3.txt,256,45,spmspm,hm_atomic,0.023,0.046,0.025386,3
PREPCSV,/mnt/beegfs/ysu34/hamlib/dia_e2e/BeH_8_3.txt,256,45,spmspm,ours_sym,0.025,0.032,-1.000000,-1
PREPCSV,/mnt/beegfs/ysu34/hamlib/dia_e2e/BeH_8_3.txt,256,45,spmspm,ours_sym,0.025,0.032,0.010753,5
== BH_20_7 ==
PREPCSV,/mnt/beegfs/ysu34/hamlib/dia_e2e/BH_20_7.txt,1048576,127,spmv,didx,208.363,4.085,0.086919,2444
PREPCSV,/mnt/beegfs/ysu34/hamlib/dia_e2e/BH_20_7.txt,1048576,127,spmv,stream,0.001,14.355,0.195106,74
PREPCSV,/mnt/beegfs/ysu34/hamlib/dia_e2e/BH_20_7.txt,1048576,127,spmv,gopt,187.499,9.568,0.129629,1520
PREPCSV,/mnt/beegfs/ysu34/hamlib/dia_e2e/BH_20_7.txt,1048576,127,spmv,csr_zskip,960.274,6.393,0.118790,8138
PREPCSV,/mnt/beegfs/ysu34/hamlib/dia_e2e/BH_20_7.txt,1048576,127,spmv,cusparse_csr,228.374,29.375,0.604623,426
PREPCSV,/mnt/beegfs/ysu34/hamlib/dia_e2e/BH_20_7.txt,1048576,127,spmspm,ours_flat,28.778,2.239,44.528107,1
CUDA prep_driver.cu:261 out of memory
== BH_24_8 ==
PREPCSV,/mnt/beegfs/ysu34/hamlib/dia_e2e/BH_24_8.txt,16777216,155,spmv,didx,4701.479,71.129,2.040890,2338
PREPCSV,/mnt/beegfs/ysu34/hamlib/dia_e2e/BH_24_8.txt,16777216,155,spmv,stream,0.007,278.301,3.775001,74
PREPCSV,/mnt/beegfs/ysu34/hamlib/dia_e2e/BH_24_8.txt,16777216,155,spmv,gopt,4631.810,156.951,1.876963,2551
PREPCSV,/mnt/beegfs/ysu34/hamlib/dia_e2e/BH_24_8.txt,16777216,155,spmv,csr_zskip,19243.924,113.015,2.876382,6730
 ** On entry to cusparseCreateCsr(): dimension mismatch for CUSPARSE_INDEX_32I, nnz (2483027996) + base (0) > INT32_MAX (2147483647)

cuSPARSE prep_driver.cu:180 3
== fermi_10_4 ==
PREPCSV,/mnt/beegfs/ysu34/hamlib/dia_e2e/fermi_10_4.txt,1024,17,spmv,didx,0.031,0.028,0.003545,16
PREPCSV,/mnt/beegfs/ysu34/hamlib/dia_e2e/fermi_10_4.txt,1024,17,spmv,stream,0.001,0.018,0.003711,5
PREPCSV,/mnt/beegfs/ysu34/hamlib/dia_e2e/fermi_10_4.txt,1024,17,spmv,gopt,0.040,0.036,0.008106,9
PREPCSV,/mnt/beegfs/ysu34/hamlib/dia_e2e/fermi_10_4.txt,1024,17,spmv,csr_zskip,0.120,0.021,0.003596,39
PREPCSV,/mnt/beegfs/ysu34/hamlib/dia_e2e/fermi_10_4.txt,1024,17,spmv,cusparse_csr,0.030,0.362,0.011668,34
PREPCSV,/mnt/beegfs/ysu34/hamlib/dia_e2e/fermi_10_4.txt,1024,17,spmspm,ours_flat,0.038,0.033,0.006636,11
PREPCSV,/mnt/beegfs/ysu34/hamlib/dia_e2e/fermi_10_4.txt,1024,17,spmspm,hm_atomic,0.074,0.048,0.015048,8
PREPCSV,/mnt/beegfs/ysu34/hamlib/dia_e2e/fermi_10_4.txt,1024,17,spmspm,ours_sym,0.008,0.029,-1.000000,-1
PREPCSV,/mnt/beegfs/ysu34/hamlib/dia_e2e/fermi_10_4.txt,1024,17,spmspm,ours_sym,0.008,0.029,0.016196,2
== fermi_12_4 ==
PREPCSV,/mnt/beegfs/ysu34/hamlib/dia_e2e/fermi_12_4.txt,4096,21,spmv,didx,0.108,0.036,0.003880,37
PREPCSV,/mnt/beegfs/ysu34/hamlib/dia_e2e/fermi_12_4.txt,4096,21,spmv,stream,0.001,0.028,0.004125,7
PREPCSV,/mnt/beegfs/ysu34/hamlib/dia_e2e/fermi_12_4.txt,4096,21,spmv,gopt,0.206,0.045,0.008880,28
PREPCSV,/mnt/beegfs/ysu34/hamlib/dia_e2e/fermi_12_4.txt,4096,21,spmv,csr_zskip,0.493,0.030,0.003906,134
PREPCSV,/mnt/beegfs/ysu34/hamlib/dia_e2e/fermi_12_4.txt,4096,21,spmv,cusparse_csr,0.149,0.365,0.012509,41
PREPCSV,/mnt/beegfs/ysu34/hamlib/dia_e2e/fermi_12_4.txt,4096,21,spmspm,ours_flat,0.068,0.069,0.010804,13
PREPCSV,/mnt/beegfs/ysu34/hamlib/dia_e2e/fermi_12_4.txt,4096,21,spmspm,hm_atomic,0.203,0.100,0.017724,17
PREPCSV,/mnt/beegfs/ysu34/hamlib/dia_e2e/fermi_12_4.txt,4096,21,spmspm,ours_sym,0.012,0.032,-1.000000,-1
PREPCSV,/mnt/beegfs/ysu34/hamlib/dia_e2e/fermi_12_4.txt,4096,21,spmspm,ours_sym,0.012,0.032,0.020140,2
== fermi_14_5 ==
PREPCSV,/mnt/beegfs/ysu34/hamlib/dia_e2e/fermi_14_5.txt,16384,25,spmv,didx,0.492,0.056,0.004116,133
PREPCSV,/mnt/beegfs/ysu34/hamlib/dia_e2e/fermi_14_5.txt,16384,25,spmv,stream,0.001,0.071,0.004584,16
PREPCSV,/mnt/beegfs/ysu34/hamlib/dia_e2e/fermi_14_5.txt,16384,25,spmv,gopt,0.918,0.087,0.009455,106
PREPCSV,/mnt/beegfs/ysu34/hamlib/dia_e2e/fermi_14_5.txt,16384,25,spmv,csr_zskip,2.159,0.061,0.004042,549
PREPCSV,/mnt/beegfs/ysu34/hamlib/dia_e2e/fermi_14_5.txt,16384,25,spmv,cusparse_csr,0.778,0.512,0.014073,92
PREPCSV,/mnt/beegfs/ysu34/hamlib/dia_e2e/fermi_14_5.txt,16384,25,spmspm,ours_flat,0.158,0.076,0.037178,6
PREPCSV,/mnt/beegfs/ysu34/hamlib/dia_e2e/fermi_14_5.txt,16384,25,spmspm,hm_atomic,1.088,0.197,0.039992,32
PREPCSV,/mnt/beegfs/ysu34/hamlib/dia_e2e/fermi_14_5.txt,16384,25,spmspm,ours_sym,0.024,0.077,-1.000000,-1
PREPCSV,/mnt/beegfs/ysu34/hamlib/dia_e2e/fermi_14_5.txt,16384,25,spmspm,ours_sym,0.024,0.077,0.027629,4
== fermi_16_5 ==
PREPCSV,/mnt/beegfs/ysu34/hamlib/dia_e2e/fermi_16_5.txt,65536,29,spmv,didx,2.226,0.175,0.004571,525
PREPCSV,/mnt/beegfs/ysu34/hamlib/dia_e2e/fermi_16_5.txt,65536,29,spmv,stream,0.001,0.230,0.005323,43
PREPCSV,/mnt/beegfs/ysu34/hamlib/dia_e2e/fermi_16_5.txt,65536,29,spmv,gopt,2.999,0.202,0.010600,302
PREPCSV,/mnt/beegfs/ysu34/hamlib/dia_e2e/fermi_16_5.txt,65536,29,spmv,csr_zskip,10.444,0.242,0.004691,2278
PREPCSV,/mnt/beegfs/ysu34/hamlib/dia_e2e/fermi_16_5.txt,65536,29,spmv,cusparse_csr,3.069,0.861,0.023301,169
PREPCSV,/mnt/beegfs/ysu34/hamlib/dia_e2e/fermi_16_5.txt,65536,29,spmspm,ours_flat,0.275,0.132,0.129822,3
PREPCSV,/mnt/beegfs/ysu34/hamlib/dia_e2e/fermi_16_5.txt,65536,29,spmspm,hm_atomic,4.849,0.585,0.174561,31
PREPCSV,/mnt/beegfs/ysu34/hamlib/dia_e2e/fermi_16_5.txt,65536,29,spmspm,ours_sym,0.086,0.139,-1.000000,-1
PREPCSV,/mnt/beegfs/ysu34/hamlib/dia_e2e/fermi_16_5.txt,65536,29,spmspm,ours_sym,0.086,0.139,0.057329,4
== fermi_8_4 ==
PREPCSV,/mnt/beegfs/ysu34/hamlib/dia_e2e/fermi_8_4.txt,256,13,spmv,didx,0.011,0.025,0.003126,12
PREPCSV,/mnt/beegfs/ysu34/hamlib/dia_e2e/fermi_8_4.txt,256,13,spmv,stream,0.001,0.013,0.003235,4
PREPCSV,/mnt/beegfs/ysu34/hamlib/dia_e2e/fermi_8_4.txt,256,13,spmv,gopt,0.013,0.025,0.005553,7
PREPCSV,/mnt/beegfs/ysu34/hamlib/dia_e2e/fermi_8_4.txt,256,13,spmv,csr_zskip,0.030,0.017,0.002850,17
PREPCSV,/mnt/beegfs/ysu34/hamlib/dia_e2e/fermi_8_4.txt,256,13,spmv,cusparse_csr,0.011,0.360,0.009823,38
PREPCSV,/mnt/beegfs/ysu34/hamlib/dia_e2e/fermi_8_4.txt,256,13,spmspm,ours_flat,0.021,0.029,0.005247,10
PREPCSV,/mnt/beegfs/ysu34/hamlib/dia_e2e/fermi_8_4.txt,256,13,spmspm,hm_atomic,0.017,0.043,0.011190,5
PREPCSV,/mnt/beegfs/ysu34/hamlib/dia_e2e/fermi_8_4.txt,256,13,spmspm,ours_sym,0.006,0.028,-1.000000,-1
PREPCSV,/mnt/beegfs/ysu34/hamlib/dia_e2e/fermi_8_4.txt,256,13,spmspm,ours_sym,0.006,0.028,0.005334,6
== heis_10_5 ==
PREPCSV,/mnt/beegfs/ysu34/hamlib/dia_e2e/heis_10_5.txt,1024,19,spmv,didx,0.034,0.027,0.003507,18
PREPCSV,/mnt/beegfs/ysu34/hamlib/dia_e2e/heis_10_5.txt,1024,19,spmv,stream,0.001,0.019,0.004038,5
PREPCSV,/mnt/beegfs/ysu34/hamlib/dia_e2e/heis_10_5.txt,1024,19,spmv,gopt,0.058,0.035,0.008548,11
PREPCSV,/mnt/beegfs/ysu34/hamlib/dia_e2e/heis_10_5.txt,1024,19,spmv,csr_zskip,0.123,0.022,0.003577,40
PREPCSV,/mnt/beegfs/ysu34/hamlib/dia_e2e/heis_10_5.txt,1024,19,spmv,cusparse_csr,0.035,0.361,0.011745,34
PREPCSV,/mnt/beegfs/ysu34/hamlib/dia_e2e/heis_10_5.txt,1024,19,spmspm,ours_flat,0.044,0.031,0.007582,10
PREPCSV,/mnt/beegfs/ysu34/hamlib/dia_e2e/heis_10_5.txt,1024,19,spmspm,hm_atomic,0.090,0.050,0.016250,9
PREPCSV,/mnt/beegfs/ysu34/hamlib/dia_e2e/heis_10_5.txt,1024,19,spmspm,ours_sym,0.008,0.029,-1.000000,-1
PREPCSV,/mnt/beegfs/ysu34/hamlib/dia_e2e/heis_10_5.txt,1024,19,spmspm,ours_sym,0.008,0.029,0.017653,2
== heis_12_5 ==
PREPCSV,/mnt/beegfs/ysu34/hamlib/dia_e2e/heis_12_5.txt,4096,23,spmv,didx,0.125,0.036,0.004001,40
PREPCSV,/mnt/beegfs/ysu34/hamlib/dia_e2e/heis_12_5.txt,4096,23,spmv,stream,0.000,0.030,0.004549,7
PREPCSV,/mnt/beegfs/ysu34/hamlib/dia_e2e/heis_12_5.txt,4096,23,spmv,gopt,0.227,0.046,0.009843,28
PREPCSV,/mnt/beegfs/ysu34/hamlib/dia_e2e/heis_12_5.txt,4096,23,spmv,csr_zskip,0.509,0.032,0.003974,136
PREPCSV,/mnt/beegfs/ysu34/hamlib/dia_e2e/heis_12_5.txt,4096,23,spmv,cusparse_csr,0.179,0.389,0.012804,44
PREPCSV,/mnt/beegfs/ysu34/hamlib/dia_e2e/heis_12_5.txt,4096,23,spmspm,ours_flat,0.079,0.072,0.012000,13
PREPCSV,/mnt/beegfs/ysu34/hamlib/dia_e2e/heis_12_5.txt,4096,23,spmspm,hm_atomic,0.267,0.104,0.019255,19
PREPCSV,/mnt/beegfs/ysu34/hamlib/dia_e2e/heis_12_5.txt,4096,23,spmspm,ours_sym,0.013,0.032,-1.000000,-1
PREPCSV,/mnt/beegfs/ysu34/hamlib/dia_e2e/heis_12_5.txt,4096,23,spmspm,ours_sym,0.013,0.032,0.021192,2
== heis_14_5 ==
PREPCSV,/mnt/beegfs/ysu34/hamlib/dia_e2e/heis_14_5.txt,16384,27,spmv,didx,0.506,0.057,0.004089,138
PREPCSV,/mnt/beegfs/ysu34/hamlib/dia_e2e/heis_14_5.txt,16384,27,spmv,stream,0.000,0.073,0.005026,15
PREPCSV,/mnt/beegfs/ysu34/hamlib/dia_e2e/heis_14_5.txt,16384,27,spmv,gopt,0.971,0.087,0.010598,100
PREPCSV,/mnt/beegfs/ysu34/hamlib/dia_e2e/heis_14_5.txt,16384,27,spmv,csr_zskip,2.299,0.064,0.004132,572
PREPCSV,/mnt/beegfs/ysu34/hamlib/dia_e2e/heis_14_5.txt,16384,27,spmv,cusparse_csr,0.892,0.485,0.014682,94
PREPCSV,/mnt/beegfs/ysu34/hamlib/dia_e2e/heis_14_5.txt,16384,27,spmspm,ours_flat,0.183,0.077,0.042568,6
PREPCSV,/mnt/beegfs/ysu34/hamlib/dia_e2e/heis_14_5.txt,16384,27,spmspm,hm_atomic,0.955,0.195,0.043389,26
PREPCSV,/mnt/beegfs/ysu34/hamlib/dia_e2e/heis_14_5.txt,16384,27,spmspm,ours_sym,0.026,0.077,-1.000000,-1
PREPCSV,/mnt/beegfs/ysu34/hamlib/dia_e2e/heis_14_5.txt,16384,27,spmspm,ours_sym,0.026,0.077,0.029386,3
== heis_16_5 ==
PREPCSV,/mnt/beegfs/ysu34/hamlib/dia_e2e/heis_16_5.txt,65536,31,spmv,didx,2.224,0.186,0.004801,502
PREPCSV,/mnt/beegfs/ysu34/hamlib/dia_e2e/heis_16_5.txt,65536,31,spmv,stream,0.001,0.241,0.005855,41
PREPCSV,/mnt/beegfs/ysu34/hamlib/dia_e2e/heis_16_5.txt,65536,31,spmv,gopt,3.250,0.217,0.011603,299
PREPCSV,/mnt/beegfs/ysu34/hamlib/dia_e2e/heis_16_5.txt,65536,31,spmv,csr_zskip,11.583,0.328,0.005395,2208
PREPCSV,/mnt/beegfs/ysu34/hamlib/dia_e2e/heis_16_5.txt,65536,31,spmv,cusparse_csr,3.067,0.880,0.024920,158
PREPCSV,/mnt/beegfs/ysu34/hamlib/dia_e2e/heis_16_5.txt,65536,31,spmspm,ours_flat,0.305,0.135,0.147724,3
PREPCSV,/mnt/beegfs/ysu34/hamlib/dia_e2e/heis_16_5.txt,65536,31,spmspm,hm_atomic,5.570,0.603,0.203580,30
PREPCSV,/mnt/beegfs/ysu34/hamlib/dia_e2e/heis_16_5.txt,65536,31,spmspm,ours_sym,0.086,0.142,-1.000000,-1
PREPCSV,/mnt/beegfs/ysu34/hamlib/dia_e2e/heis_16_5.txt,65536,31,spmspm,ours_sym,0.086,0.142,0.064737,4
== heis_18_5 ==
PREPCSV,/mnt/beegfs/ysu34/hamlib/dia_e2e/heis_18_5.txt,262144,35,spmv,didx,9.944,0.607,0.008900,1185
PREPCSV,/mnt/beegfs/ysu34/hamlib/dia_e2e/heis_18_5.txt,262144,35,spmv,stream,0.001,1.104,0.011498,96
PREPCSV,/mnt/beegfs/ysu34/hamlib/dia_e2e/heis_18_5.txt,262144,35,spmv,gopt,11.580,0.947,0.011948,1049
PREPCSV,/mnt/beegfs/ysu34/hamlib/dia_e2e/heis_18_5.txt,262144,35,spmv,csr_zskip,62.433,0.849,0.010199,6205
PREPCSV,/mnt/beegfs/ysu34/hamlib/dia_e2e/heis_18_5.txt,262144,35,spmv,cusparse_csr,15.423,2.775,0.058604,311
PREPCSV,/mnt/beegfs/ysu34/hamlib/dia_e2e/heis_18_5.txt,262144,35,spmspm,ours_flat,0.883,0.196,0.825322,1
PREPCSV,/mnt/beegfs/ysu34/hamlib/dia_e2e/heis_18_5.txt,262144,35,spmspm,hm_atomic,32.522,1.691,1.405925,24
PREPCSV,/mnt/beegfs/ysu34/hamlib/dia_e2e/heis_18_5.txt,262144,35,spmspm,ours_sym,0.364,0.359,-1.000000,-1
PREPCSV,/mnt/beegfs/ysu34/hamlib/dia_e2e/heis_18_5.txt,262144,35,spmspm,ours_sym,0.364,0.359,0.327081,2
== heis_20_5 ==
PREPCSV,/mnt/beegfs/ysu34/hamlib/dia_e2e/heis_20_5.txt,1048576,39,spmv,didx,54.182,2.061,0.032179,1748
PREPCSV,/mnt/beegfs/ysu34/hamlib/dia_e2e/heis_20_5.txt,1048576,39,spmv,stream,0.001,4.750,0.065610,72
PREPCSV,/mnt/beegfs/ysu34/hamlib/dia_e2e/heis_20_5.txt,1048576,39,spmv,gopt,50.774,3.352,0.044749,1210
PREPCSV,/mnt/beegfs/ysu34/hamlib/dia_e2e/heis_20_5.txt,1048576,39,spmv,csr_zskip,378.642,2.999,0.041099,9286
PREPCSV,/mnt/beegfs/ysu34/hamlib/dia_e2e/heis_20_5.txt,1048576,39,spmv,cusparse_csr,71.390,9.979,0.200244,406
PREPCSV,/mnt/beegfs/ysu34/hamlib/dia_e2e/heis_20_5.txt,1048576,39,spmspm,ours_flat,4.139,0.423,4.351405,1
CUDA prep_driver.cu:261 out of memory
== heis_20_6 ==
PREPCSV,/mnt/beegfs/ysu34/hamlib/dia_e2e/heis_20_6.txt,1048576,39,spmv,didx,53.276,1.977,0.032138,1719
PREPCSV,/mnt/beegfs/ysu34/hamlib/dia_e2e/heis_20_6.txt,1048576,39,spmv,stream,0.001,4.701,0.065723,72
PREPCSV,/mnt/beegfs/ysu34/hamlib/dia_e2e/heis_20_6.txt,1048576,39,spmv,gopt,51.079,3.323,0.044708,1217
PREPCSV,/mnt/beegfs/ysu34/hamlib/dia_e2e/heis_20_6.txt,1048576,39,spmv,csr_zskip,376.646,3.017,0.040964,9268
PREPCSV,/mnt/beegfs/ysu34/hamlib/dia_e2e/heis_20_6.txt,1048576,39,spmv,cusparse_csr,71.006,9.914,0.200028,405
PREPCSV,/mnt/beegfs/ysu34/hamlib/dia_e2e/heis_20_6.txt,1048576,39,spmspm,ours_flat,3.666,0.528,4.356783,1
CUDA prep_driver.cu:261 out of memory
== heis_22_5 ==
PREPCSV,/mnt/beegfs/ysu34/hamlib/dia_e2e/heis_22_5.txt,4194304,43,spmv,didx,262.674,7.625,0.117601,2298
PREPCSV,/mnt/beegfs/ysu34/hamlib/dia_e2e/heis_22_5.txt,4194304,43,spmv,stream,0.001,19.690,0.247089,80
PREPCSV,/mnt/beegfs/ysu34/hamlib/dia_e2e/heis_22_5.txt,4194304,43,spmv,gopt,222.480,12.117,0.151748,1546
PREPCSV,/mnt/beegfs/ysu34/hamlib/dia_e2e/heis_22_5.txt,4194304,43,spmv,csr_zskip,1673.619,11.769,0.162571,10367
PREPCSV,/mnt/beegfs/ysu34/hamlib/dia_e2e/heis_22_5.txt,4194304,43,spmv,cusparse_csr,314.555,40.449,0.873551,406
PREPCSV,/mnt/beegfs/ysu34/hamlib/dia_e2e/heis_22_5.txt,4194304,43,spmspm,ours_flat,18.499,1.621,24.414429,1
terminate called after throwing an instance of 'std::length_error'
  what():  cannot create std::vector larger than max_size()
timeout: the monitored command dumped core
== heis_22_6 ==
PREPCSV,/mnt/beegfs/ysu34/hamlib/dia_e2e/heis_22_6.txt,4194304,43,spmv,didx,265.169,7.727,0.117836,2316
PREPCSV,/mnt/beegfs/ysu34/hamlib/dia_e2e/heis_22_6.txt,4194304,43,spmv,stream,0.001,19.973,0.247244,81
PREPCSV,/mnt/beegfs/ysu34/hamlib/dia_e2e/heis_22_6.txt,4194304,43,spmv,gopt,215.752,12.265,0.151617,1504
PREPCSV,/mnt/beegfs/ysu34/hamlib/dia_e2e/heis_22_6.txt,4194304,43,spmv,csr_zskip,1687.523,11.866,0.161590,10517
PREPCSV,/mnt/beegfs/ysu34/hamlib/dia_e2e/heis_22_6.txt,4194304,43,spmv,cusparse_csr,314.703,40.947,0.873456,407
PREPCSV,/mnt/beegfs/ysu34/hamlib/dia_e2e/heis_22_6.txt,4194304,43,spmspm,ours_flat,17.538,1.646,24.473848,1
terminate called after throwing an instance of 'std::length_error'
  what():  cannot create std::vector larger than max_size()
timeout: the monitored command dumped core
== heis_24_5 ==
PREPCSV,/mnt/beegfs/ysu34/hamlib/dia_e2e/heis_24_5.txt,16777216,47,spmv,didx,1177.834,31.691,0.523633,2310
PREPCSV,/mnt/beegfs/ysu34/hamlib/dia_e2e/heis_24_5.txt,16777216,47,spmv,stream,0.004,88.261,1.117482,79
PREPCSV,/mnt/beegfs/ysu34/hamlib/dia_e2e/heis_24_5.txt,16777216,47,spmv,gopt,1200.204,49.813,0.600613,2081
PREPCSV,/mnt/beegfs/ysu34/hamlib/dia_e2e/heis_24_5.txt,16777216,47,spmv,csr_zskip,7059.156,49.639,0.740201,9604
PREPCSV,/mnt/beegfs/ysu34/hamlib/dia_e2e/heis_24_5.txt,16777216,47,spmv,cusparse_csr,1471.682,175.628,4.128471,399
PREPCSV,/mnt/beegfs/ysu34/hamlib/dia_e2e/heis_24_5.txt,16777216,47,spmspm,ours_flat,76.671,6.496,122.048271,1
terminate called after throwing an instance of 'std::length_error'
  what():  cannot create std::vector larger than max_size()
timeout: the monitored command dumped core
== heis_24_6 ==
PREPCSV,/mnt/beegfs/ysu34/hamlib/dia_e2e/heis_24_6.txt,16777216,47,spmv,didx,1179.715,31.598,0.532004,2277
PREPCSV,/mnt/beegfs/ysu34/hamlib/dia_e2e/heis_24_6.txt,16777216,47,spmv,stream,0.004,87.315,1.115670,78
PREPCSV,/mnt/beegfs/ysu34/hamlib/dia_e2e/heis_24_6.txt,16777216,47,spmv,gopt,1186.914,49.427,0.600517,2059
PREPCSV,/mnt/beegfs/ysu34/hamlib/dia_e2e/heis_24_6.txt,16777216,47,spmv,csr_zskip,6873.414,49.318,0.739878,9357
PREPCSV,/mnt/beegfs/ysu34/hamlib/dia_e2e/heis_24_6.txt,16777216,47,spmv,cusparse_csr,1482.588,174.648,4.156403,399
PREPCSV,/mnt/beegfs/ysu34/hamlib/dia_e2e/heis_24_6.txt,16777216,47,spmspm,ours_flat,76.834,6.615,122.340126,1
terminate called after throwing an instance of 'std::length_error'
  what():  cannot create std::vector larger than max_size()
timeout: the monitored command dumped core
== heis_8_4 ==
PREPCSV,/mnt/beegfs/ysu34/hamlib/dia_e2e/heis_8_4.txt,256,15,spmv,didx,0.010,0.026,0.003194,11
PREPCSV,/mnt/beegfs/ysu34/hamlib/dia_e2e/heis_8_4.txt,256,15,spmv,stream,0.000,0.013,0.003648,4
PREPCSV,/mnt/beegfs/ysu34/hamlib/dia_e2e/heis_8_4.txt,256,15,spmv,gopt,0.012,0.026,0.006063,6
PREPCSV,/mnt/beegfs/ysu34/hamlib/dia_e2e/heis_8_4.txt,256,15,spmv,csr_zskip,0.033,0.018,0.003089,16
PREPCSV,/mnt/beegfs/ysu34/hamlib/dia_e2e/heis_8_4.txt,256,15,spmv,cusparse_csr,0.011,0.353,0.010064,36
PREPCSV,/mnt/beegfs/ysu34/hamlib/dia_e2e/heis_8_4.txt,256,15,spmspm,ours_flat,0.024,0.029,0.005507,10
PREPCSV,/mnt/beegfs/ysu34/hamlib/dia_e2e/heis_8_4.txt,256,15,spmspm,hm_atomic,0.019,0.044,0.011839,5
PREPCSV,/mnt/beegfs/ysu34/hamlib/dia_e2e/heis_8_4.txt,256,15,spmspm,ours_sym,0.006,0.028,-1.000000,-1
PREPCSV,/mnt/beegfs/ysu34/hamlib/dia_e2e/heis_8_4.txt,256,15,spmspm,ours_sym,0.006,0.028,0.005649,6
== maxcut_10_4 ==
PREPCSV,/mnt/beegfs/ysu34/hamlib/dia_e2e/maxcut_10_4.txt,1024,1,spmv,didx,0.008,0.025,0.002636,13
PREPCSV,/mnt/beegfs/ysu34/hamlib/dia_e2e/maxcut_10_4.txt,1024,1,spmv,stream,0.001,0.019,0.002377,8
PREPCSV,/mnt/beegfs/ysu34/hamlib/dia_e2e/maxcut_10_4.txt,1024,1,spmv,gopt,0.005,0.025,0.002671,11
PREPCSV,/mnt/beegfs/ysu34/hamlib/dia_e2e/maxcut_10_4.txt,1024,1,spmv,csr_zskip,0.036,0.017,0.002343,23
PREPCSV,/mnt/beegfs/ysu34/hamlib/dia_e2e/maxcut_10_4.txt,1024,1,spmv,cusparse_csr,0.006,0.366,0.010726,35
PREPCSV,/mnt/beegfs/ysu34/hamlib/dia_e2e/maxcut_10_4.txt,1024,1,spmspm,ours_flat,0.007,0.031,0.002693,14
PREPCSV,/mnt/beegfs/ysu34/hamlib/dia_e2e/maxcut_10_4.txt,1024,1,spmspm,hm_atomic,0.006,0.041,0.004516,10
PREPCSV,/mnt/beegfs/ysu34/hamlib/dia_e2e/maxcut_10_4.txt,1024,1,spmspm,ours_sym,0.003,0.026,-1.000000,-1
PREPCSV,/mnt/beegfs/ysu34/hamlib/dia_e2e/maxcut_10_4.txt,1024,1,spmspm,ours_sym,0.003,0.026,0.003858,7
== maxcut_12_4 ==
PREPCSV,/mnt/beegfs/ysu34/hamlib/dia_e2e/maxcut_12_4.txt,4096,1,spmv,didx,0.017,0.026,0.002819,15
PREPCSV,/mnt/beegfs/ysu34/hamlib/dia_e2e/maxcut_12_4.txt,4096,1,spmv,stream,0.001,0.014,0.002567,6
PREPCSV,/mnt/beegfs/ysu34/hamlib/dia_e2e/maxcut_12_4.txt,4096,1,spmv,gopt,0.012,0.027,0.002758,14
PREPCSV,/mnt/beegfs/ysu34/hamlib/dia_e2e/maxcut_12_4.txt,4096,1,spmv,csr_zskip,0.072,0.019,0.002516,36
PREPCSV,/mnt/beegfs/ysu34/hamlib/dia_e2e/maxcut_12_4.txt,4096,1,spmv,cusparse_csr,0.008,0.346,0.013848,26
PREPCSV,/mnt/beegfs/ysu34/hamlib/dia_e2e/maxcut_12_4.txt,4096,1,spmspm,ours_flat,0.013,0.027,0.002936,14
PREPCSV,/mnt/beegfs/ysu34/hamlib/dia_e2e/maxcut_12_4.txt,4096,1,spmspm,hm_atomic,0.009,0.045,0.005040,11
PREPCSV,/mnt/beegfs/ysu34/hamlib/dia_e2e/maxcut_12_4.txt,4096,1,spmspm,ours_sym,0.004,0.027,-1.000000,-1
PREPCSV,/mnt/beegfs/ysu34/hamlib/dia_e2e/maxcut_12_4.txt,4096,1,spmspm,ours_sym,0.004,0.027,0.004049,8
== maxcut_14_5 ==
PREPCSV,/mnt/beegfs/ysu34/hamlib/dia_e2e/maxcut_14_5.txt,16384,1,spmv,didx,0.067,0.037,0.002776,37
PREPCSV,/mnt/beegfs/ysu34/hamlib/dia_e2e/maxcut_14_5.txt,16384,1,spmv,stream,0.001,0.019,0.002518,8
PREPCSV,/mnt/beegfs/ysu34/hamlib/dia_e2e/maxcut_14_5.txt,16384,1,spmv,gopt,0.023,0.032,0.002810,20
PREPCSV,/mnt/beegfs/ysu34/hamlib/dia_e2e/maxcut_14_5.txt,16384,1,spmv,csr_zskip,0.498,0.037,0.002513,213
PREPCSV,/mnt/beegfs/ysu34/hamlib/dia_e2e/maxcut_14_5.txt,16384,1,spmv,cusparse_csr,0.032,0.368,0.014410,28
PREPCSV,/mnt/beegfs/ysu34/hamlib/dia_e2e/maxcut_14_5.txt,16384,1,spmspm,ours_flat,0.020,0.028,0.002932,16
PREPCSV,/mnt/beegfs/ysu34/hamlib/dia_e2e/maxcut_14_5.txt,16384,1,spmspm,hm_atomic,0.033,0.057,0.005002,18
PREPCSV,/mnt/beegfs/ysu34/hamlib/dia_e2e/maxcut_14_5.txt,16384,1,spmspm,ours_sym,0.008,0.027,-1.000000,-1
PREPCSV,/mnt/beegfs/ysu34/hamlib/dia_e2e/maxcut_14_5.txt,16384,1,spmspm,ours_sym,0.008,0.027,0.004019,9
== maxcut_16_5 ==
PREPCSV,/mnt/beegfs/ysu34/hamlib/dia_e2e/maxcut_16_5.txt,65536,1,spmv,didx,0.211,0.051,0.002940,89
PREPCSV,/mnt/beegfs/ysu34/hamlib/dia_e2e/maxcut_16_5.txt,65536,1,spmv,stream,0.001,0.025,0.002753,9
PREPCSV,/mnt/beegfs/ysu34/hamlib/dia_e2e/maxcut_16_5.txt,65536,1,spmv,gopt,0.133,0.038,0.002909,59
PREPCSV,/mnt/beegfs/ysu34/hamlib/dia_e2e/maxcut_16_5.txt,65536,1,spmv,csr_zskip,1.247,0.045,0.002591,499
PREPCSV,/mnt/beegfs/ysu34/hamlib/dia_e2e/maxcut_16_5.txt,65536,1,spmv,cusparse_csr,0.125,0.387,0.015065,34
PREPCSV,/mnt/beegfs/ysu34/hamlib/dia_e2e/maxcut_16_5.txt,65536,1,spmspm,ours_flat,0.040,0.028,0.004346,16
PREPCSV,/mnt/beegfs/ysu34/hamlib/dia_e2e/maxcut_16_5.txt,65536,1,spmspm,hm_atomic,0.127,0.076,0.005157,39
PREPCSV,/mnt/beegfs/ysu34/hamlib/dia_e2e/maxcut_16_5.txt,65536,1,spmspm,ours_sym,0.024,0.027,-1.000000,-1
PREPCSV,/mnt/beegfs/ysu34/hamlib/dia_e2e/maxcut_16_5.txt,65536,1,spmspm,ours_sym,0.024,0.027,0.004101,12
== maxcut_18_5 ==
PREPCSV,/mnt/beegfs/ysu34/hamlib/dia_e2e/maxcut_18_5.txt,262144,1,spmv,didx,0.964,0.209,0.003713,316
PREPCSV,/mnt/beegfs/ysu34/hamlib/dia_e2e/maxcut_18_5.txt,262144,1,spmv,stream,0.001,0.097,0.003532,28
PREPCSV,/mnt/beegfs/ysu34/hamlib/dia_e2e/maxcut_18_5.txt,262144,1,spmv,gopt,0.315,0.105,0.003327,126
PREPCSV,/mnt/beegfs/ysu34/hamlib/dia_e2e/maxcut_18_5.txt,262144,1,spmv,csr_zskip,7.517,0.224,0.003457,2239
PREPCSV,/mnt/beegfs/ysu34/hamlib/dia_e2e/maxcut_18_5.txt,262144,1,spmv,cusparse_csr,0.501,0.527,0.017166,60
PREPCSV,/mnt/beegfs/ysu34/hamlib/dia_e2e/maxcut_18_5.txt,262144,1,spmspm,ours_flat,0.146,0.064,0.004772,44
PREPCSV,/mnt/beegfs/ysu34/hamlib/dia_e2e/maxcut_18_5.txt,262144,1,spmspm,hm_atomic,0.508,0.196,0.006241,113
PREPCSV,/mnt/beegfs/ysu34/hamlib/dia_e2e/maxcut_18_5.txt,262144,1,spmspm,ours_sym,0.090,0.064,-1.000000,-1
PREPCSV,/mnt/beegfs/ysu34/hamlib/dia_e2e/maxcut_18_5.txt,262144,1,spmspm,ours_sym,0.090,0.064,0.004509,34
== maxcut_20_5 ==
PREPCSV,/mnt/beegfs/ysu34/hamlib/dia_e2e/maxcut_20_5.txt,1048576,1,spmv,didx,2.726,0.370,0.006387,485
PREPCSV,/mnt/beegfs/ysu34/hamlib/dia_e2e/maxcut_20_5.txt,1048576,1,spmv,stream,0.001,0.174,0.004332,40
PREPCSV,/mnt/beegfs/ysu34/hamlib/dia_e2e/maxcut_20_5.txt,1048576,1,spmv,gopt,1.388,0.167,0.004817,323
PREPCSV,/mnt/beegfs/ysu34/hamlib/dia_e2e/maxcut_20_5.txt,1048576,1,spmv,csr_zskip,17.719,0.611,0.005929,3092
PREPCSV,/mnt/beegfs/ysu34/hamlib/dia_e2e/maxcut_20_5.txt,1048576,1,spmv,cusparse_csr,2.075,1.013,0.022899,135
PREPCSV,/mnt/beegfs/ysu34/hamlib/dia_e2e/maxcut_20_5.txt,1048576,1,spmspm,ours_flat,1.047,0.096,0.007194,159
PREPCSV,/mnt/beegfs/ysu34/hamlib/dia_e2e/maxcut_20_5.txt,1048576,1,spmspm,hm_atomic,2.053,0.474,0.010257,246
PREPCSV,/mnt/beegfs/ysu34/hamlib/dia_e2e/maxcut_20_5.txt,1048576,1,spmspm,ours_sym,0.361,0.093,-1.000000,-1
PREPCSV,/mnt/beegfs/ysu34/hamlib/dia_e2e/maxcut_20_5.txt,1048576,1,spmspm,ours_sym,0.361,0.093,0.006166,74
== O2_16_5 ==
PREPCSV,/mnt/beegfs/ysu34/hamlib/dia_e2e/O2_16_5.txt,65536,1243,spmv,didx,55.475,1.125,0.035110,1612
PREPCSV,/mnt/beegfs/ysu34/hamlib/dia_e2e/O2_16_5.txt,65536,1243,spmv,stream,0.004,7.390,0.179516,41
PREPCSV,/mnt/beegfs/ysu34/hamlib/dia_e2e/O2_16_5.txt,65536,1243,spmv,gopt,65.749,3.874,0.313015,222
PREPCSV,/mnt/beegfs/ysu34/hamlib/dia_e2e/O2_16_5.txt,65536,1243,spmv,csr_zskip,109.952,1.500,0.028692,3884
PREPCSV,/mnt/beegfs/ysu34/hamlib/dia_e2e/O2_16_5.txt,65536,1243,spmv,cusparse_csr,259.830,15.460,0.241624,1139
[2026-07-30T09:12:17.289] error: *** JOB 268657 ON c29 CANCELLED AT 2026-07-30T09:12:17 DUE to SIGNAL Terminated ***
